// Jest Snapshot v1, https://goo.gl/fbAQLP

exports[`Homework Question #1: Menu should return the correct data shape 1`] = `
Object {
  "body": "{\\"data\\":[{\\"_id\\":\\"menu_1\\",\\"options\\":[{\\"_id\\":\\"HXxyrXcCJqTr9Q2ghmu3WH\\",\\"_type\\":\\"section\\",\\"description\\":{\\"enRaw\\":[{\\"_key\\":\\"aaf80c9ea091\\",\\"_type\\":\\"block\\",\\"children\\":[{\\"_key\\":\\"aaf80c9ea0910\\",\\"_type\\":\\"span\\",\\"marks\\":[],\\"text\\":\\"Our chicken is marinated for at least 12 hours and bursting with bold Louisiana flavor.\\"}],\\"markDefs\\":[],\\"style\\":\\"normal\\"}]},\\"name\\":{\\"en\\":\\"Signature Chicken\\"},\\"carouselImage\\":{\\"hotspot\\":null,\\"crop\\":null,\\"asset\\":{\\"metadata\\":{\\"lqip\\":\\"data:image/png;base64,iVBORw0KGgoAAAANSUhEUgAAABQAAAARCAYAAADdRIy+AAAACXBIWXMAAAsTAAALEwEAmpwYAAACJklEQVQ4y3XUO2gUQRzH8TWKCT5AIabRQiRYitr6iNgoaCEK5jaxsrFRBFELEe0F8QVaaGkTVBS1EMzuRjlzOxcULBRfiEGFgI+AoCY+Ln7/M/+5m3WThU/2bi/zm/+8NuofrEVxkndUknwtTmIEX/EcZ/htI/eFuxMTxWk94nMkl7+XLn5ox3pcwDN8w298xxtcxQ4srqTSuYkqqQuTz9MFrsI5fEQjTs1UiGfjuIVtmG+DCOylQumgJ8tKgUfxFH8JaEhoi2lo6GdcwRq0hUPuGzKlwCGpwjV0gRKsQY2gk5c4iE4f6JQDP+FXIcAFutBW+A/c1PmeHVZZWCC+vMdEEEhIs8r/K36LI+hqVWns4vRmphk4gDG7CK0hT8XTV/kTt9GDOa69C4oHh5uB/cgw6YOKC+PEvvokf4fjWGrbp6Y4dP4swyE8kQpsaFYPt46rNDF+F0wgwXaq6ygukAtsQzf2445u5nFt+KfZge+EO88/4BiWuA1eL620hHbp3BzQjX4NqVYunYzpKZrECx32OqzAPJlTO6/h8dGHi7BcN/Fm7MI+nMBlXMdpHMYlnMJObMFWPZO5PU7htWngoq98LhboCFZitb5IZIoeYxRVPMSDwgp5zFXUl41EM10V93aS4Z7Ha50GeZmM2n/YW61y2Gta7TANaoUOwmPGosg0zdLQDbihYa9wdsYq9tzP7WvKVnvvkZ0S+e5HoJV267x+wV3p4B9YepXNCKQOUgAAAABJRU5ErkJggg==\\",\\"palette\\":{\\"dominant\\":{\\"background\\":\\"#7eb6bd\\",\\"foreground\\":\\"#000\\"}}},\\"_id\\":\\"image-464d71b3b245da67c6d396b293380356695fb17c-72x62-svg\\"}},\\"image\\":{\\"hotspot\\":null,\\"crop\\":null,\\"asset\\":{\\"metadata\\":{\\"lqip\\":\\"data:image/png;base64,iVBORw0KGgoAAAANSUhEUgAAABQAAAANCAYAAACpUE5eAAAACXBIWXMAAC4jAAAuIwF4pT92AAADSElEQVQ4yyWTWW9aVxSF+RNtJLeN2qaVq6SxMdPlcjGjmQ0ewEDMZAyYOYAxYPCAsY0duQ+tMnRMFClyG6lNqzwlUlVV6i/7esAPW+e+3E9rr7W2qrk7pFTZJ5tvk8422UxV2YjlCa0m8HjDWG1+FMWFYnZhMjnRGxZZ0BinY5AWkWUbkmRBo5G4//UCqmb7hFK1z1auRTJTI54osRHPs7qeZjkYx+uPsORexe4MYrH5kGS7gMnMqw1otKYpdALU683otDKq3uCChlCZL+6RSFeIxXNEY1tEIinC4QSJWILkRoRwMMCK30vA68brdWGz2wXEJKAyep2CQSg3Gq2oBoePaHdHlGr75HI1KtspdrNhaokQlQchjvPLnGdtdKN6DpNGTus+zo7TVKpxLJZF5ua0LAi1ep1JAC2ouv0zmu1jygJYrzZ43E/z58kKL3fdPCsqXFe1PN+e5SryCT9mPud1X+G3JxnGoww+j5W5+2rU87opUJ4C908F8Ej42KNeqfPTQZJ/Lld4N/Txe13LH4U7vEx+zDehD/gh8iHXhS/59cjDL+MHVNMezEYJtVovgPKNwoPjyykwV9ylXi7ztB/nr6Gb90dW3pTv8mrzI15Eb/EsfIuf4zM8jd3m+7LE64s1xo1lXFaTUKlBs2AQPiqojkdXIpQjUZuH9Bo7XI9jvL+0899Y4m3tC64TMzyPzfBkQ0z8Nmfrn9GJLDDIu8jHljBJeu7dmxcqdTfAo+GjKXCn1OC8k+PNOMDfFzL/Xuh4VbrDd9FPudyYZX9llsHaV+yt3CVim8ehSMiSUfinnQajFWnLski51z+l0TqkVttj1CnybcvH1Y6BxzUjw5SaQkBDJmhhM2gnGbQR85mxKzI64ZlGlHtSaJ0IRBL+KWYnqk53SGv3kEZzQKvRprydIRNdp5AIk42vsRYMEfCv4vet4vEEcTi8mMWPRqFGmpRagCbfiuLEYvUIhb0Rne4JHfE2xeqFYputbF1MjVS6TDS+Lc5wE48vjNMVEtfixaQ4BMh6AxOvbLJhXnSJM/WJYh+csy/W7g/O2euMqNZ6FEt77Ahwdvshm4ki6+E0geUobs8adod/CpycnE6v3KwrTdZdmir8HyQVC1T+1w56AAAAAElFTkSuQmCC\\",\\"palette\\":{\\"dominant\\":{\\"background\\":\\"#3c3b42\\",\\"foreground\\":\\"#fff\\"}}},\\"_id\\":\\"image-dd74b4ad06ecb9f1603cfdcf5255ab6208ac5a9a-1920x1238-png\\"}}},{\\"_id\\":\\"wRSrCK1onXPa6RlaoJ3hWM\\",\\"_type\\":\\"section\\",\\"description\\":{\\"enRaw\\":null},\\"name\\":{\\"en\\":\\"Tenders & Wings\\"},\\"carouselImage\\":{\\"hotspot\\":null,\\"crop\\":null,\\"asset\\":{\\"metadata\\":{\\"lqip\\":\\"data:image/png;base64,iVBORw0KGgoAAAANSUhEUgAAABQAAAAOCAYAAAAvxDzwAAAACXBIWXMAAAsTAAALEwEAmpwYAAAB7klEQVQ4y43TPUgcQRTA8T3PIoVB0E4CasSAlY2FrRaiWAULb8R0sRNioaAGtLIWohKiSAJqxBhIyCeouyaIeqtGLQQFJVWiNoJnElHk7vJ/O2/NIQQ9+N3Mvpl987lOw8KSE/Pilit8R36Ut3luwAd8wwBqkIeIcVeC/sZbCvob3reVOZsg80fyKJ0rMIoDnOA73uAhipBlB5ZJLDthXRP4EZJkE8jWhLeoN2Or6ctqWhjwfIZ1dKH0X1LfabxMxvRRgGrUoRzFaMEGTvEbCRzhB+bRhrthUllykJRAVJNNYBGT6MFjjbnqM95qTLbiiQ5akrl8+ctCJV7gEH+wr0ubw3u8wyfMaL0fvXiGDtxj2VFmGQmXnYMq6Wjc+BqN+5p0T/ZR7WDX2JicfCcG8RoP2PfcMFk+7tCxDLUk68YIBzVmPH8cE5l0S57iEdqDpXvxNmZXYVy/UBLG0EeyIQJDJHuOKWLTlIi/ysSL09o+hnFMEXuJYXIMOnoFNvGLGSQYLUHjMfUrNOZeaeOZ1RzHpOQWSML7+IqkmV9JB/Tu/Y+02762bLJ39AI/HT122RMZMc2yk0hRv54bSMp7ekc/hifcKieIFEtOymyD8jruZZnCttzd8B7W6u0/pcNZ8Il5N2D7nevXNMt+1v8FyZqP3CE7juEAAAAASUVORK5CYII=\\",\\"palette\\":{\\"dominant\\":{\\"background\\":\\"#5cbccc\\",\\"foreground\\":\\"#000\\"}}},\\"_id\\":\\"image-df33f189d0343e0eb24baa63625936dc6a35f4ff-74x51-svg\\"}},\\"image\\":{\\"hotspot\\":{\\"x\\":0.5011820330969268,\\"y\\":0.496059889676911,\\"height\\":0.8849487785658,\\"width\\":0.9290780141843972},\\"crop\\":{\\"top\\":0.05358550039401101,\\"bottom\\":0.06146572104018899,\\"left\\":0.03664302600472813,\\"right\\":0.0342789598108747},\\"asset\\":{\\"metadata\\":{\\"lqip\\":\\"data:image/jpeg;base64,/9j/2wBDAAYEBQYFBAYGBQYHBwYIChAKCgkJChQODwwQFxQYGBcUFhYaHSUfGhsjHBYWICwgIyYnKSopGR8tMC0oMCUoKSj/2wBDAQcHBwoIChMKChMoGhYaKCgoKCgoKCgoKCgoKCgoKCgoKCgoKCgoKCgoKCgoKCgoKCgoKCgoKCgoKCgoKCgoKCj/wAARCAAPABQDASIAAhEBAxEB/8QAGAAAAgMAAAAAAAAAAAAAAAAAAAUDBAb/xAAfEAACAQQDAQEAAAAAAAAAAAABAgQAAwURBhJBUWH/xAAUAQEAAAAAAAAAAAAAAAAAAAAE/8QAGxEAAgIDAQAAAAAAAAAAAAAAAAECAwQSISL/2gAMAwEAAhEDEQA/AMxI482Xvu6XFGjpR6TUJ4JjDfCTJnRXJUOF9/aUDk0rHXrl+LokqQe1I5vJp8yOHJCgE6O9nZod0Mt2PSS1FVyx1D0uiyeEx06RE6hxacqG+j7RVIXiSWcdmY7JopyCn//Z\\",\\"palette\\":{\\"dominant\\":{\\"background\\":\\"#e0a140\\",\\"foreground\\":\\"#000\\"}}},\\"_id\\":\\"image-8bb3b727bc909e972a4144fbf33b4dbbc78f497f-7216x5412-jpg\\"}}},{\\"_id\\":\\"de1f2fe4-5e1c-47b4-a296-cad722c16a60\\",\\"_type\\":\\"section\\",\\"description\\":null,\\"name\\":{\\"en\\":\\"Family Meals\\"},\\"carouselImage\\":{\\"hotspot\\":null,\\"crop\\":null,\\"asset\\":{\\"metadata\\":{\\"lqip\\":\\"data:image/png;base64,iVBORw0KGgoAAAANSUhEUgAAABQAAAARCAYAAADdRIy+AAAACXBIWXMAAAsTAAALEwEAmpwYAAACaElEQVQ4y3XUX4hMURzA8btW2pQkCnljxb7Ii8KLojyQwmR37qB9IWlTqzygNilJ/hWxniwK+0ARm39z751djZw7Ywd5wAMrL4SHTXbXLrPr+zv3d2fGtDP16Zx77jm/+Z3fOTOOU/Vp8Yxtk75xdgYFZ0M6kP4i1zdt2Et/Caa6gWE8h+cInW1PC/8HSjwpOCyIgnnGBtweyAIzBatwE1kcwsJkYOpcP2/nxQk0S785Yxc5rXzj1iC0/WQQ0YkNSCCDlziOpvh9lGm5X86KB+mnCKqBJLNZWIY2XMI+zbYJCzAtmhuWgpbSlUFbQ9/U8TwDyzVQJ05gC+bb7UaBD2NFHNT1NdNyulJcM12/vRVX8BY/cBerdfvrcR8G7ZgbBdQsXa9U+HnYrBlJrQbdIJygHcM9rEEj9uAGLmhtZ5cCSg2Tns1Mgu1CWjP6y8txN5OTgIPowg7s16w26fWZSanq47K5uuUGrY+c4qjbm5+QQJJdqu+FBPyG8zgGHx1yIC3Rruq5hyI6i2y/DTgHR/AZv8lsmHZE21Gt41GcgoeDWIm12Ih1WCr1j094sU7q0QXpCpLRVS1Hu9b3HK6hDzlt5Uol2HKjFPMAD6dxWU+2q0qnXhG5Qme0NB9Y/BXfpeX5PbqxWwJ+qmFAWiZ9xGPZNotP8mu4g0d4UOEh77qZ3+FI8d0gFx1EJRnP5OVQ/iDERRbdZjxbQy8BezRgDdG1KeKNbuk140MYrjJClj95P+DoPfuFoUnIuJz2O1zXf5uxVHy1lDzr3GcSMNDTKqB/Eq/09M/ilv0F2ZKYIpmNo6g7+SKH+g+00+7QcDe2ygAAAABJRU5ErkJggg==\\",\\"palette\\":{\\"dominant\\":{\\"background\\":\\"#1f6266\\",\\"foreground\\":\\"#fff\\"}}},\\"_id\\":\\"image-0e94c8caaccda0b52bd79119ec6e966c75a0a8b4-77x66-svg\\"}},\\"image\\":{\\"hotspot\\":{\\"x\\":0.5975,\\"y\\":0.5236013986013986,\\"height\\":0.9527972027972028,\\"width\\":0.665},\\"crop\\":{\\"top\\":0.04720279720279722,\\"bottom\\":0,\\"left\\":0.265,\\"right\\":0.06999999999999995},\\"asset\\":{\\"metadata\\":{\\"lqip\\":\\"data:image/jpeg;base64,/9j/2wBDAAYEBQYFBAYGBQYHBwYIChAKCgkJChQODwwQFxQYGBcUFhYaHSUfGhsjHBYWICwgIyYnKSopGR8tMC0oMCUoKSj/2wBDAQcHBwoIChMKChMoGhYaKCgoKCgoKCgoKCgoKCgoKCgoKCgoKCgoKCgoKCgoKCgoKCgoKCgoKCgoKCgoKCgoKCj/wAARCAALABQDASIAAhEBAxEB/8QAGAAAAgMAAAAAAAAAAAAAAAAAAAUDBAb/xAAlEAABAwQBAgcAAAAAAAAAAAABAgMEAAUSIREGIhMUFTJBUWH/xAAVAQEBAAAAAAAAAAAAAAAAAAADAP/EABwRAAICAwEBAAAAAAAAAAAAAAECABEDEiEEE//aAAwDAQACEQMRAD8AW3dpifJbYWTipWJx2aS3Tpi1la2o6XgUe91avn6FKJsuQhIcQ6tKxsKB2KznqMzwlJ8y7wVknuofTjyORo1RcLot7C5busVMee63GadDIPbkNn9oqNm5TC0nKQs8Dgc71RSgOBUj8z3s/9k=\\",\\"palette\\":{\\"dominant\\":{\\"background\\":\\"#d29234\\",\\"foreground\\":\\"#000\\"}}},\\"_id\\":\\"image-cc4d822bb15a235f53b304f442fbb284ff1ab1cb-7179x4113-jpg\\"}}},{\\"_id\\":\\"808b9206-9555-4b0c-94fc-7eb9cb1fe645\\",\\"_type\\":\\"section\\",\\"description\\":{\\"enRaw\\":[{\\"_key\\":\\"50d101669837\\",\\"_type\\":\\"block\\",\\"children\\":[{\\"_key\\":\\"50d1016698370\\",\\"_type\\":\\"span\\",\\"marks\\":[],\\"text\\":\\"Meals are available as Dinner, Combo and Platter\\"}],\\"markDefs\\":[],\\"style\\":\\"normal\\"}]},\\"name\\":{\\"en\\":\\"Seafood \\"},\\"carouselImage\\":{\\"hotspot\\":null,\\"crop\\":null,\\"asset\\":{\\"metadata\\":{\\"lqip\\":\\"data:image/png;base64,iVBORw0KGgoAAAANSUhEUgAAABQAAAARCAYAAADdRIy+AAAACXBIWXMAAAsTAAALEwEAmpwYAAACZElEQVQ4y43US2gTURTG8VtsFLEuKu5c+EK6EBe6EgUfUNCFLkRNZkJFF+pK0KWIghsrgrQoKIgKgi58tFZ8ISQzQ6wxj6qIVAtWUKjPaotYqjZtU//nzsk0CqKBXzIJk2/uOXPuGMPL8fIzsRUBnqIV+7AFcxLpnLnljch55p8vTlqiYRfxEd/wCt24hkbE9Nz/CjyLrOvl+zHm+oUJvpf18xkcTKsEOn7ORMcVft4kg2IUmMfXMKAwrmFlPsdwH+tQW73ChF+wIZb3O3k7hEcYlVDXj1Y3iNNo2HSn07gSon9y07m/VWvfFmG/hg5xVVnlT2S0t3XVJTZlCiYRdMlxDPWYjRmoqaROwULsRAc+ox/HsWBDR2ZydZQYT9njOqzAXhzENizGdOOk7Qk1mIUkiviiN2upXPCPsmIadk6n4YOO2gnpd9Rox8vJ8Urc05Jf4iiWa2m1qgHN6HOD4oSQGynf0RY22ZZkA5ehXQOH9MoXsAfr1WH9/TtKMg0aOirtigK1nPk4qaXITXqC9+jFA3TiNYa1Lb167qAGlozrFaKy3bA0afApnMdjjOgY/dBdVNIZHdCLtuEGXkiwaUp1VfXR9mgeNuOSlKBhEvBO/6SbwK5oQFfdgmO4auJe1iRs/2T6s9JLuYurcNuuLuyPrC6H63hrbwa7SYOl13exA2tN0itGU97S0xcGh3Mpze/BuPasXVfRbXeUZwPLesHn2C4DHoXFdXh1iKfqU+gAHuINzmA3Us7kQ0TK/oTLWBPN7OogCDd9WgLz1TtoLnbhCo5go47RsAZKD2/qc7Oem2p+AQWbwKQXnXqkAAAAAElFTkSuQmCC\\",\\"palette\\":{\\"dominant\\":{\\"background\\":\\"#62c5dc\\",\\"foreground\\":\\"#000\\"}}},\\"_id\\":\\"image-aea004953baa58e339e6dccc41d6f2cf12934929-65x56-svg\\"}},\\"image\\":{\\"hotspot\\":{\\"x\\":0.5115200548695329,\\"y\\":0.5,\\"height\\":1,\\"width\\":0.8138173493993688},\\"crop\\":{\\"top\\":0,\\"bottom\\":0,\\"left\\":0.10461138016984844,\\"right\\":0.08157127043078272},\\"asset\\":{\\"metadata\\":{\\"lqip\\":\\"data:image/jpeg;base64,/9j/2wBDAAYEBQYFBAYGBQYHBwYIChAKCgkJChQODwwQFxQYGBcUFhYaHSUfGhsjHBYWICwgIyYnKSopGR8tMC0oMCUoKSj/2wBDAQcHBwoIChMKChMoGhYaKCgoKCgoKCgoKCgoKCgoKCgoKCgoKCgoKCgoKCgoKCgoKCgoKCgoKCgoKCgoKCgoKCj/wAARCAALABQDASIAAhEBAxEB/8QAGQAAAQUAAAAAAAAAAAAAAAAAAAIDBAUG/8QAJBAAAgAFAwQDAAAAAAAAAAAAAQIAAwQRIQUSFAYTIjEyQVH/xAAVAQEBAAAAAAAAAAAAAAAAAAADAv/EABsRAQADAAMBAAAAAAAAAAAAAAIAAQMREiFR/9oADAMBAAIRAxEAPwCkrqGm5TzKqY2xchFFyYhLpdDrGnVnYMiRPleYmu31+Wh3qlmS7oSGzkRgndhvAZhf3n3E64tulS4qoh1JFnr79iuOrH5g2xBAhsogh4U//9k=\\",\\"palette\\":{\\"dominant\\":{\\"background\\":\\"#34343c\\",\\"foreground\\":\\"#fff\\"}}},\\"_id\\":\\"image-9748107b7ce5f6dafc4d85f9088e03b5964901e0-7000x4000-jpg\\"}}},{\\"_id\\":\\"ac9c6cc0-afed-419d-a448-367b8f6f86c2\\",\\"_type\\":\\"section\\",\\"description\\":null,\\"name\\":{\\"en\\":\\"Sides\\"},\\"carouselImage\\":{\\"hotspot\\":null,\\"crop\\":null,\\"asset\\":{\\"metadata\\":{\\"lqip\\":\\"data:image/png;base64,iVBORw0KGgoAAAANSUhEUgAAABQAAAAQCAYAAAAWGF8bAAAACXBIWXMAAAsTAAALEwEAmpwYAAAB7UlEQVQ4y5XUP0jcYBjH8fiPIqI4WlCko1oEwcWtuFVBcdAm4CIdxMlFq6tD3WxBBKeKg4MOgnqTaOIppbyvbbFzQYqlaEERpaJnbaPf582bxrP0vAY+vMnlye99wvteHNfXTm+gHTk8XxdwXer66iHa8BKzeIcPeIPXGEIztRXeui507CFZ5nhmgtQD1KIb41jBZxzgBKf4hj3sRBPpfsbHjGVkFPakFKmBkq5quNGBMaTxHecIvY3tay/QWfj9l53gE89Oohf1ZJXQppJXdLGGfVyYELiBDkVWWHwt9311RdARPnI+QmCVBJZjELumI2bPjxZXtuNjTOGRBJagFdMU+khTlM4afZ0I1J17aoNn58Frq0pZmQYKn6CPm8MYpXjUjLkkNSMYwFMympyoM71AwTI/riDFecqMuSQ18swy14uYk8BNHPIqP/khY/gq8+f8X7JrLrk+ky0lgRP4kmyP7f/EM+n3sjA/5A8ggV22S1kxWeXQi7bG/Uyt+m1X+qustATWYUZmiPaWFKvw7mb+mwpdO7mMkL34XAIr8UJmiDeum3SZKzSuk+4yWEKLBBajEwpx+/d2aLoKor+m3divUO30rG5JaCPmcHYrMMyju7hD+YgMoMx+dlSV/TAc2BnzDYw/FG/R7q6rohuNSzeEzT0qCwAAAABJRU5ErkJggg==\\",\\"palette\\":{\\"dominant\\":{\\"background\\":\\"#5cbccc\\",\\"foreground\\":\\"#000\\"}}},\\"_id\\":\\"image-6c5373708346e9efde784963016f06062bceba24-56x44-svg\\"}},\\"image\\":{\\"hotspot\\":null,\\"crop\\":null,\\"asset\\":{\\"metadata\\":{\\"lqip\\":\\"data:image/jpeg;base64,/9j/2wBDAAYEBQYFBAYGBQYHBwYIChAKCgkJChQODwwQFxQYGBcUFhYaHSUfGhsjHBYWICwgIyYnKSopGR8tMC0oMCUoKSj/2wBDAQcHBwoIChMKChMoGhYaKCgoKCgoKCgoKCgoKCgoKCgoKCgoKCgoKCgoKCgoKCgoKCgoKCgoKCgoKCgoKCgoKCj/wAARCAALABQDASIAAhEBAxEB/8QAGAAAAgMAAAAAAAAAAAAAAAAAAAQBBQb/xAAkEAACAQMDAwUAAAAAAAAAAAABAgMABBEFBhITISIUMkFR0f/EABUBAQEAAAAAAAAAAAAAAAAAAAMC/8QAGhEBAAMBAQEAAAAAAAAAAAAAAQACIQMREv/aAAwDAQACEQMRAD8ASa00oy3Cagkruy5jZD7TVTdbWtJhI3qWZ083AwOKftTuh2jy6MVb7FYOW4mXq8ZZB1OzYY9xU25dfpS+RDpQqDXYxfWsCXTrBLzjU4DH5opdT4iimDw8hu7P/9k=\\",\\"palette\\":{\\"dominant\\":{\\"background\\":\\"#ceac78\\",\\"foreground\\":\\"#000\\"}}},\\"_id\\":\\"image-03c8b87407bda69f4b78458f91825305967cc24d-7000x4000-jpg\\"}}},{\\"_id\\":\\"9d8c82df-727a-4efd-b2db-e3c4c22e0bf6\\",\\"_type\\":\\"section\\",\\"description\\":null,\\"name\\":{\\"en\\":\\"Beverages\\"},\\"carouselImage\\":{\\"hotspot\\":null,\\"crop\\":null,\\"asset\\":{\\"metadata\\":{\\"lqip\\":\\"data:image/png;base64,iVBORw0KGgoAAAANSUhEUgAAABQAAAAlCAYAAABCr8kFAAAACXBIWXMAAAsTAAALEwEAmpwYAAADiElEQVRIx52Wb2iNURzHn2ssWpox1si/8WJFSSHKC39eiaLEfZ6LkvmTN5SGKKaUwhvsBV7ghUVESUbsPvfO3517h/KvZCkRZWtb/swY23x+5zn37rrZ9Txufe75nec553t+v3N+55zHsnL8wlFlOfEGy44mdN2JqTGOq/bDOzumvlH/arvqE1yBOXb8vpXzF4k/sGiobTvWMEB3ctVpxGqhGsGDAvZ6mBCmfb8/GloRsF3PO4QKYQNcoPNmmESbUhgNI3ievyKn4G3EEHSiyZTgFDgCJ2GGFeQnXtl1feGG3YbB2Mu1d67aDqNMu5AmltCDh2/3M4dhBJ1YQ2a4Y2EfnINFMMg8tyJ37jI196zIzRzhyqrKiN5iqDw6LoAaOASTU3Msgk5UZYenX4Qc7boKiS1h0CFk3suEb4HLpMtaGKoFTTvCDXm2xs98qhKogB10nPrPDjQqgCJGK8arYuxiz05Qansc5SyD2OadeY/t9VHDbfGev5VQScj7CLkKu4oOGjrpun6eUXdS7VzvuS5dtQs2ieA1eI1gCx2bKZsRa7Z1qbStS1eZumq2Y6k2Yus+Ldjv4ZmEnISOSP3DXiee7IdGw9/fR+obexH7Ba3i4S1oZ8ReRutmtG5s39BXyh7KDmiS5CX7Ey0yEqH0INgj4j4RIdonxcPPkBDBE/Beu68bBBKUqHo8Z1QbXJeQD+hFiSUzRgwgJlF5grJANSJYCS/+DOG/BOXQPSaC6+CREQomaPoYu0kOEJnDZXDP9la3N8gcZgk+ha0iOB+jTvIoo1EQQV3KCsMaCXmmuWR+BBaMpQW7sethiQhOhbOSmCaf0mH828N0uD+xb8BcESyD43Id6tUKJJj28DtcgulyIpfCYWg1yy+7JcAcaie+wBko53BIDMPYCx/Nbun2OY9einlRtUM1jOf+UAUY2+Bt3/ZT/ufQE2wxO65E5lCuyI3wKshuSc+1J/gBdjNAoQjmwyp4EmS3ZAm+MRfZEBEcCEtB6fPQZy5m7ZKXZgvny4UuV+ZCKvEguyUzGnhs7qaB1uqofCGo2VALXQEFvV3iqvuwGPJSd+80uAid6cau8isod0kU5pExoZRgOZySBPWzWyRdMgS74KqcCUUVJ9NfBxPhqL6s+gT97pJOOG9nflWYz409crd6p0ju1DFTkvKwzeySskzBoeb75bmfXMwSlBzcCSNF6zfCqaURNewazgAAAABJRU5ErkJggg==\\",\\"palette\\":{\\"dominant\\":{\\"background\\":\\"#5cbccc\\",\\"foreground\\":\\"#000\\"}}},\\"_id\\":\\"image-6a183c2a99c07e813f2bdf6c626cd6699d1d06ea-38x70-svg\\"}},\\"image\\":{\\"hotspot\\":null,\\"crop\\":null,\\"asset\\":{\\"metadata\\":{\\"lqip\\":\\"data:image/png;base64,iVBORw0KGgoAAAANSUhEUgAAABQAAAAPCAIAAABr+ngCAAAACXBIWXMAAC4jAAAuIwF4pT92AAADKUlEQVQoz01R3VMSURzdJ8OAXRZ2Q2MDRUDQZT/YZT9YQD5GYjVAMyUTxUL5MlBDyKzIKbNpxmq0KbNpsqGm6amXHpr+uy7aQ785986Z373n3N+cC2k0mgs9F0ABcrFbWkB6es5a3er519dqdTp9d9Pp9XrknEO9vRd7NWD1arVavR4GB4Bo/itwAShgGDEYjAiCIgbUYDABAsMGqGsKbM+U3TMEBaTb0OlQFMUwDMcxk6kLHDcDmEyXAIxGHHhBQAnmMJv7hoc9DM2OjJIEQQANYbFwHK2qETUZFgWKcg/63DbaZbNZ+k1G7PxxCNYjwF2SAndr9b29vVarlZpI+im34htZnEu+eFY7eLlRK03lJ+lSYmg5OiR5CMyIgikNQIxhZoKwpdNTJycf//z5/ePH9+Z6ZTrKpwRnNRv9dNT8+rm925q/d4NrpxzNq4Mx8jKGgsDg7thWq33I4Z68lj48Ovz16+e3zmlzvZpNhjKSuzoT+vK21fn0uFG5vpogt2IDFYWQnbgRgc/EKOSleJaT1cmp9u5up3P67t1htbSSTavpiFDOjneOd04/tgsL6oz/StkHL1IIO2AynY8NxGOxiVgicy0zu9HYev/h+NXrg6XcghqPxERmIR05Omi9ebUzk4mrtPk2rZkb1XptIHYchA8yhlLT89OzueuzC4Vi5dn+i73n+zez2YDfx7kHxxWmWJgvlvLxWDDCDk778Ksk7h7oB7K+vn6r1QZlb93J5Yu5/OpifqVa27zX3M7l8uGgwnicPO0JBARZkWiGYshhweugXDa7zWqxEBbiCogKWrpdWS5UV8vrK6V6oVhbLddv5e6MJyb8vJ9lWcbHemkKfL7HMwrgcrkdDpfd7rQPOV3DI9BavVlea6zVW2vr98u1LWAxN7+cSKaVYFSSg4Ioc36J4yWWE2nGT9EcRXEkyQJQNA9tP3rauN/eaDyqbT4ALkvLpVRmNhwZl+SwKCmCGJDkUCAYAxCkMV4I8ULwHKI0Bj18st/c3q1v7pSrjcV8KZ2ZC4XjrM9PkozXS7MsL8qh4FgiFFGVUEJU4oIcFQNRSYnKSuwvU/DNcTH4bWQAAAAASUVORK5CYII=\\",\\"palette\\":{\\"dominant\\":{\\"background\\":\\"#b2af9a\\",\\"foreground\\":\\"#000\\"}}},\\"_id\\":\\"image-c5a63dab389599a1892a03d865bf425d48c53092-7216x5412-png\\"}}},{\\"_id\\":\\"section_10\\",\\"_type\\":\\"section\\",\\"description\\":null,\\"name\\":{\\"en\\":\\"Desserts\\"},\\"carouselImage\\":{\\"hotspot\\":null,\\"crop\\":null,\\"asset\\":{\\"metadata\\":{\\"lqip\\":\\"data:image/png;base64,iVBORw0KGgoAAAANSUhEUgAAABQAAAAOCAYAAAAvxDzwAAAACXBIWXMAAAsTAAALEwEAmpwYAAAB/klEQVQ4y3XU32vNcRzH8a8lwoXUUsqFckMi5ZZL5YJbO58l8xeIKyXaDRfkAlOakLaiRn5crC3O9zsr2ed7tuVn+yVhWmS0/JgdzPl6vj/ndY6dyalH3/Pj+3rv83m/P99F0bzX7iSNXN6H9zmuudhHLk6D8F3sl2EHTuIANmEFFtYUyuX7QrixdzBqSMrvXeL//k4Aq7ALVzCGAi5hPzZgUdTcnHFzH+FCJViWpJVV1vG5HttwGPcwid/4ic94jOPYGcLVQompFl6A5diiFdzEK8xwX8klKQpZ4/3+jO9m8QY91a05rUjFlmI99qEdo1bIEbYC3JtphT/wBR/wAr21fYz9YqxFA1rxVIFfYWWxn8KE+jeAWCu3np7GkbA1RzO5rtb0jqlPFnqNYXjcxQ2Fz+OMipzTYK7l4rTDCi7BOuzRDbfQqb9s272IC7q24Tq68ABP8BLvKTZlIjW9CSdwGVfRgdta6UNt3YLvtO3vakPJ9RSywPqa+BkreAp3kOLZvOC0joZNNZsbFk07DKmEohV8hE+uHJytCdaG/6Eicwc2bmdvDMX/hRWyc1bUxCd15oY0rO7yQPxZHI00xWmdKwt9xUca/JbrCPqR1zBa9UQcxF57MrAVG7EGK63gc3zTssfVSyactnA9pOlvx2aF6vUPwo5aXeVJq7z+ADwNf5IyFbpOAAAAAElFTkSuQmCC\\",\\"palette\\":{\\"dominant\\":{\\"background\\":\\"#59bbc9\\",\\"foreground\\":\\"#000\\"}}},\\"_id\\":\\"image-340886fb0ec0f14bcaec8a3d31bda8caf928bdfa-68x47-svg\\"}},\\"image\\":{\\"hotspot\\":{\\"x\\":0.5,\\"y\\":0.5464098073555167,\\"height\\":0.9071803852889667,\\"width\\":1},\\"crop\\":{\\"top\\":0.09281961471103331,\\"bottom\\":0,\\"left\\":0,\\"right\\":0},\\"asset\\":{\\"metadata\\":{\\"lqip\\":\\"data:image/jpeg;base64,/9j/2wBDAAYEBQYFBAYGBQYHBwYIChAKCgkJChQODwwQFxQYGBcUFhYaHSUfGhsjHBYWICwgIyYnKSopGR8tMC0oMCUoKSj/2wBDAQcHBwoIChMKChMoGhYaKCgoKCgoKCgoKCgoKCgoKCgoKCgoKCgoKCgoKCgoKCgoKCgoKCgoKCgoKCgoKCgoKCj/wAARCAALABQDASIAAhEBAxEB/8QAFwAAAwEAAAAAAAAAAAAAAAAAAAUGA//EACQQAAICAQMCBwAAAAAAAAAAAAECAwQABQYREzESISRBQlFS/8QAFQEBAQAAAAAAAAAAAAAAAAAAAwH/xAAaEQADAAMBAAAAAAAAAAAAAAAAAQIDEiFR/9oADAMBAAIRAxEAPwBRNpEdrUD1JQsfv9jJ7dFKvQrtA0Prm48LE/H9Y23M7Rv1I2KuPMEZE6jbsWXjexK0jKvALHsMl47q09uCRcLG0130xEAYclhz2OGCk8YYwR//2Q==\\",\\"palette\\":{\\"dominant\\":{\\"background\\":\\"#333c43\\",\\"foreground\\":\\"#fff\\"}}},\\"_id\\":\\"image-9ac58246fc1d5b9e081c51d7282a5bf739bed2f8-7000x4000-jpg\\"}}}]}]}",
  "statusCode": 200,
}
`;

exports[`Homework Question #2: Cart should return the correct data shape 1`] = `
Object {
  "body": "{\\"data\\":{\\"cart\\":{\\"brand\\":\\"pop\\",\\"storeId\\":\\"44444\\",\\"order\\":{\\"customerName\\":\\"User Name\\",\\"partnerOrderId\\":\\"Mock-RBI-Order-ID\\",\\"subTotal\\":789,\\"totalTaxes\\":65,\\"total\\":854,\\"items\\":[{\\"plunum\\":\\"1010230\\",\\"description\\":\\"2pc Mild Chicken Platter White\\",\\"quantity\\":1,\\"modifiers\\":[{\\"plunum\\":\\"50100\\",\\"description\\":\\"1 BISCUIT\\",\\"quantity\\":1,\\"id\\":99},{\\"plunum\\":\\"50900\\",\\"description\\":\\"REGULAR RED BEANS & RICE\\",\\"quantity\\":1,\\"id\\":199},{\\"plunum\\":\\"50700\\",\\"description\\":\\"REGULAR MAC & CHEESE\\",\\"quantity\\":1,\\"id\\":199},{\\"plunum\\":\\"80102\\",\\"description\\":\\"32OZ COKE\\",\\"quantity\\":1,\\"id\\":229}],\\"id\\":829}]}}}}",
  "statusCode": 200,
}
`;

exports[`Homework Question #3: Calorie counter should return the correct data shape 1`] = `
Object {
  "body": "{\\"data\\":{\\"minCalories\\":1347,\\"maxCalories\\":2253}}",
  "statusCode": 200,
}
`;
